stencilstar, width=2, dof=7
{"level_ps":0,"level_ss":1,"rg_ss":0,"row_alpha":1,"row_s":0,"schedule_s":0,"subwarp_size":4,"tb_size":1024}
Lower:7,0.015098,55.2857,344.741
