stencilbox, width=1, dof=1
{"level_ps":0,"level_ss":1,"rg_ss":0,"row_alpha":16,"row_s":0,"schedule_s":0,"subwarp_size":1,"tb_size":1024}
Lower:1,0.037449,28.1995,189.455
stencilbox, width=1, dof=2
{"level_ps":0,"level_ss":1,"rg_ss":1,"row_alpha":8,"row_s":0,"schedule_s":1,"subwarp_size":1,"tb_size":1024}
Lower:2,0.02818,34.1578,217.72
stencilbox, width=1, dof=3
