stencilstar, width=1, dof=1
Lower:1,0.616691,17.3858,147.843
stencilstar, width=1, dof=2
Lower:2,1.14587,9.24551,68.7147
stencilstar, width=1, dof=3
Lower:3,2.04075,4.91533,34.4247
stencilstar, width=1, dof=4
Lower:4,1.39959,6.65717,45.0868
stencilstar, width=1, dof=5
Lower:5,2.36262,3.67235,24.3416
stencilstar, width=1, dof=6
Lower:6,2.57961,3.59883,23.4984
stencilstar, width=1, dof=7
Lower:7,2.76328,3.30617,21.3499
stencilstar, width=1, dof=8
Lower:8,1.62684,5.11771,32.7688
