stencilstarfill1, width=1, dof=1
Lower:1,2.75173,4.0896,30.3973
stencilstarfill1, width=1, dof=2
Lower:2,3.66572,2.84012,19.2366
stencilstarfill1, width=1, dof=3
Lower:3,4.95623,2.05575,13.4239
stencilstarfill1, width=1, dof=4
Lower:4,4.14188,1.96008,12.5516
stencilstarfill1, width=1, dof=5
Lower:5,5.87726,1.55914,9.86289
stencilstarfill1, width=1, dof=6
Lower:6,6.26903,1.4684,9.21186
stencilstarfill1, width=1, dof=7
Lower:7,6.59767,1.2652,7.88931
stencilstarfill1, width=1, dof=8
Lower:8,5.37893,1.26987,7.88237
