stencilstar, width=1, dof=2
{"level_ps":0,"level_ss":1,"rg_ss":0,"row_alpha":8,"row_s":2,"schedule_s":1,"subwarp_size":1,"tb_size":1024}
Lower:2,0.037924,27.9352,207.621
