stencilbox, width=1, dof=1
{"level_ps":0,"level_ss":1,"rg_ss":0,"row_alpha":16,"row_s":0,"schedule_s":0,"subwarp_size":1,"tb_size":1024}
Lower:1,0.037812,27.9287,187.636
