stencilstar, width=2, dof=4
	mesh size=272x272x272
