stencilbox, width=1, dof=8
{"level_ps":0,"level_ss":1,"rg_ss":1,"row_alpha":4,"row_s":2,"schedule_s":1,"subwarp_size":1,"tb_size":1024}
Lower:8,0.011261,74.4361,453.892
