stencilstar, width=2, dof=1
Lower:1,1.43775,7.82708,58.1774
stencilstar, width=2, dof=2
Lower:2,1.7075,6.09722,41.2975
stencilstar, width=2, dof=3
Lower:3,3.50556,2.90643,18.9788
stencilstar, width=2, dof=4
Lower:4,1.90039,4.2719,27.3557
stencilstar, width=2, dof=5
Lower:5,4.22272,2.16998,13.727
stencilstar, width=2, dof=6
Lower:6,4.38183,2.10076,13.1789
stencilstar, width=2, dof=7
Lower:7,4.59097,1.81814,11.3373
stencilstar, width=2, dof=8
Lower:8,2.54081,2.68819,16.6863
