stencilstarfill1, width=1, dof=5
{"level_ps":0,"level_ss":1,"rg_ss":0,"row_alpha":1,"row_s":1,"schedule_s":0,"subwarp_size":4,"tb_size":1024}
Lower:5,0.017026,53.8204,340.46
