stencilstar, width=1, dof=4
	mesh size=336x336x336
