stencilstar, width=1, dof=6
{"level_ps":0,"level_ss":1,"rg_ss":0,"row_alpha":1,"row_s":2,"schedule_s":0,"subwarp_size":4,"tb_size":1024}
Lower:6,0.01806,51.4041,335.641
