stencilbox, width=1, dof=7
{"level_ps":0,"level_ss":1,"rg_ss":1,"row_alpha":4,"row_s":1,"schedule_s":2,"subwarp_size":1,"tb_size":1024}
Lower:7,0.008426,76.2713,466.135
