stencilstarfill1, width=1, dof=1
{"level_ps":0,"level_ss":1,"rg_ss":1,"row_alpha":8,"row_s":0,"schedule_s":0,"subwarp_size":4,"tb_size":1024}
Lower:1,0.055358,20.3285,151.098
