stencilbox, width=1, dof=4
	mesh size=320x320x320
