stencilstar, width=2, dof=1
{"level_ps":0,"level_ss":1,"rg_ss":0,"row_alpha":16,"row_s":0,"schedule_s":0,"subwarp_size":1,"tb_size":1024}
Lower:1,0.051779,21.7336,161.542
stencilstar, width=2, dof=2{{"level_ps":0,"level_ss":1,"rg_ss":0,"row_alpha":16,"row_s":0,"schedule_s":0,"subwarp_size":1,"tb_size":1024}
Lower:2,0.028163,36.967,250.384
stencilstar, width=2, dof={"{"level_ps":0,"level_ss":1,"rg_ss":0,"row_alpha":1,"row_s":1,"schedule_s":0,"subwarp_size":4,"tb_size":1024}
Lower:3,0.024648,41.3367,269.926
stencilstar, width=2, dof={"{"level_ps":0,"level_ss":1,"rg_ss":0,"row_alpha":1,"row_s":2,"schedule_s":0,"subwarp_size":4,"tb_size":1024}
Lower:4,0.014867,54.606,349.677
stencilstar, width=2, dof=5{{"level_ps":0,"level_ss":1,"rg_ss":0,"row_alpha":1,"row_s":1,"schedule_s":0,"subwarp_size":4,"tb_size":1024}
Lower:5,0.0168,54.5431,345.032
stencilstar, width=2, dof=6
{"level_ps":0,"level_ss":1,"rg_ss":0,"row_alpha":1,"row_s":1,"schedule_s":0,"subwarp_size":4,"tb_size":1024}
Lower:6,0.015689,58.6729,368.078
stencilstar, width=2, dof=7
{"level_ps":0,"level_ss":1,"rg_ss":0,"row_alpha":1,"row_s":2,"schedule_s":0,"subwarp_size":4,"tb_size":1024}
Lower:7,0.014387,58.0179,361.778
stencilstar, width=2, dof=8
{"level_ps":0,"level_ss":1,"rg_ss":0,"row_alpha":1,"row_s":1,"schedule_s":0,"subwarp_size":4,"tb_size":1024}
Lower:8,0.010687,63.9109,396.711

