stencilstarfill1, width=1, dof=4
	mesh size=272x272x272
