stencilstar, width=2, dof=6
{"level_ps":0,"level_ss":1,"rg_ss":0,"row_alpha":1,"row_s":0,"schedule_s":0,"subwarp_size":4,"tb_size":1024}
Lower:6,0.01678,54.8581,344.146
