stencilbox, width=1, dof=1
Lower:1,5.57736,1.89344,12.7209
stencilbox, width=1, dof=2
Lower:2,7.01889,1.3714,8.74121
stencilbox, width=1, dof=3
Lower:3,8.67928,1.11835,6.99328
stencilbox, width=1, dof=4
Lower:4,9.03434,0.968648,5.99759
stencilbox, width=1, dof=5
Lower:5,9.85107,0.924182,5.68771
stencilbox, width=1, dof=6
Lower:6,10.645,0.771195,4.7269
stencilbox, width=1, dof=7
Lower:7,11.208,0.573394,3.50432
stencilbox, width=1, dof=8
Lower:8,12.6562,0.662304,4.03855
