stencilstar, width=2, dof=5
{"level_ps":0,"level_ss":1,"rg_ss":0,"row_alpha":4,"row_s":2,"schedule_s":0,"subwarp_size":4,"tb_size":1024}
Lower:5,0.017988,50.9408,322.245
