stencilbox, width=1, dof=4
{"level_ps":0,"level_ss":1,"rg_ss":0,"row_alpha":4,"row_s":1,"schedule_s":2,"subwarp_size":1,"tb_size":1024}
Lower:4,0.016908,51.7572,320.466
