stencilstar, width=2, dof=8
{"level_ps":0,"level_ss":1,"rg_ss":0,"row_alpha":1,"row_s":0,"schedule_s":0,"subwarp_size":4,"tb_size":1024}
Lower:8,0.010967,62.2792,386.583
