stencilstar, width=1, dof=1
{"level_ps":0,"level_ss":1,"rg_ss":0,"row_alpha":16,"row_s":0,"schedule_s":0,"subwarp_size":4,"tb_size":1024}
Lower:1,0.06119,17.522,149.001
