stencilstar, width=1, dof=8
{"level_ps":0,"level_ss":1,"rg_ss":0,"row_alpha":1,"row_s":1,"schedule_s":0,"subwarp_size":4,"tb_size":1024}
Lower:8,0.01238,67.2512,430.611
