stencilstar, width=1, dof=3
{"level_ps":0,"level_ss":1,"rg_ss":0,"row_alpha":16,"row_s":0,"schedule_s":1,"subwarp_size":1,"tb_size":1024}
Lower:3,0.03235,31.0075,217.162
