stencilbox, width=1, dof=2
{"level_ps":0,"level_ss":1,"rg_ss":1,"row_alpha":8,"row_s":0,"schedule_s":1,"subwarp_size":1,"tb_size":1024}
Lower:2,0.027813,34.6085,220.593
