stencilstar, width=2, dof=1
{"level_ps":0,"level_ss":1,"rg_ss":1,"row_alpha":8,"row_s":0,"schedule_s":0,"subwarp_size":4,"tb_size":1024}
Lower:1,0.0621,18.1215,134.694
