stencilstar, width=2, dof=2
{"level_ps":0,"level_ss":1,"rg_ss":0,"row_alpha":1,"row_s":2,"schedule_s":0,"subwarp_size":4,"tb_size":1024}
Lower:2,0.036749,28.3301,191.884
